C51 COMPILER V9.01   DELAY                                                                 12/05/2023 20:14:37 PAGE 1   


C51 COMPILER V9.01, COMPILATION OF MODULE DELAY
OBJECT MODULE PLACED IN DELAY.obj
COMPILER INVOKED BY: D:\Program Files\Keil\C51\BIN\C51.EXE src\utils\DELAY.c ROM(COMPACT) BROWSE DEBUG OBJECTEXTEND PRIN
                    -T(.\DELAY.lst) OBJECT(DELAY.obj)

line level    source

   1          #include "delay.h"
   2          
   3          // æß’Ò 12.0000MHz œ¬µƒ—” ±∫Ø ˝
   4          
   5          // —” ± n ∫¡√Î, ŒÛ≤Ó 5%
   6          void delayOneMillisecond(unsigned int n) {
   7   1              unsigned int i;
   8   1              for(;n > 0;n --) for(i = 0;i < 123;i ++);
   9   1      }
  10          
  11          // —” ± n √Î, ŒÛ≤Ó 5%
  12          void delayOneSecond(unsigned int n) {
  13   1              for(;n > 0;n --) delayOneMillisecond(1000);
  14   1      }
  15          
  16          // —” ± n * 10 Œ¢√Î, ŒÛ≤Ó 80%
  17          void delayTenMicroseconds(unsigned int n) {
  18   1              while(n --);
  19   1      }


MODULE INFORMATION:   STATIC OVERLAYABLE
   CODE SIZE        =     70    ----
   CONSTANT SIZE    =   ----    ----
   XDATA SIZE       =   ----    ----
   PDATA SIZE       =   ----    ----
   DATA SIZE        =   ----    ----
   IDATA SIZE       =   ----    ----
   BIT SIZE         =   ----    ----
END OF MODULE INFORMATION.


C51 COMPILATION COMPLETE.  0 WARNING(S),  0 ERROR(S)
