C51 COMPILER V9.01   FAN_PWM                                                               12/05/2023 20:14:38 PAGE 1   


C51 COMPILER V9.01, COMPILATION OF MODULE FAN_PWM
OBJECT MODULE PLACED IN FAN_PWM.obj
COMPILER INVOKED BY: D:\Program Files\Keil\C51\BIN\C51.EXE src\utils\FAN_PWM.c ROM(COMPACT) BROWSE DEBUG OBJECTEXTEND PR
                    -INT(.\FAN_PWM.lst) OBJECT(FAN_PWM.obj)

line level    source

   1          #include "reg52.h"
   2          
   3          sbit FAN = P2^7;
   4          
   5          extern unsigned char fanState[4];
   6          extern int TH_INIT;
   7          extern int TL_INIT;
   8          
   9          void initializeFan() {
  10   1          // 默认关闭风扇
  11   1          FAN = 0;
  12   1          // 初始化定时器0
  13   1              TMOD &= 0xF0;   // 清除定时器0模式位
  14   1              TMOD |= 0x01;   // 设置定时器模式
  15   1              TL0 = TL_INIT;  // 设置定时初值
  16   1              TH0 = TH_INIT;  // 设置定时初值
  17   1              TF0 = 0;    // 清除TF0标志
  18   1              TR0 = 1;    // 定时器0开始计时
  19   1              ET0 = 1;    // 使能定时器0中断
  20   1              EA = 1; // 开启总中断
  21   1      }
  22          
  23          void PWM () interrupt 1 {
  24   1          // PWM计数
  25   1          static unsigned char i=0;
  26   1          // 重新设置定时初值
  27   1              TL0 = TL_INIT;
  28   1              TH0 = TH_INIT;
  29   1          FAN = fanState[i%4];
  30   1          if (++i >= 100) i = 0;
  31   1      }


MODULE INFORMATION:   STATIC OVERLAYABLE
   CODE SIZE        =     69    ----
   CONSTANT SIZE    =   ----    ----
   XDATA SIZE       =   ----    ----
   PDATA SIZE       =   ----    ----
   DATA SIZE        =      1    ----
   IDATA SIZE       =   ----    ----
   BIT SIZE         =   ----    ----
END OF MODULE INFORMATION.


C51 COMPILATION COMPLETE.  0 WARNING(S),  0 ERROR(S)
