C51 COMPILER V9.01   STARTUPSCREEN                                                         12/05/2023 20:20:08 PAGE 1   


C51 COMPILER V9.01, COMPILATION OF MODULE STARTUPSCREEN
OBJECT MODULE PLACED IN startupScreen.obj
COMPILER INVOKED BY: D:\Program Files\Keil\C51\BIN\C51.EXE src\screens\startupScreen.c ROM(COMPACT) BROWSE DEBUG OBJECTE
                    -XTEND PRINT(.\startupScreen.lst) OBJECT(startupScreen.obj)

line level    source

   1          #include "../utils/DELAY.h"
   2          #include "../utils/LCD1602.h"
   3          
   4          // 开机画面
   5          void startupScreen() {
   6   1          unsigned char i=0, j=0;
   7   1          unsigned int delay_ms=50;  // 动态显示的延时，单位为毫秒
   8   1          xdata unsigned char line_1[] = "Welcome to AAUCS";
   9   1          xdata unsigned char line_2[] = "     No. 31     ";
  10   1          // 动态逐个显示两行字符
  11   1          for (i = 0; i < 16; i++) {
  12   2              writeCharOnLCD1602(0, i, line_1[i]);
  13   2              if (i < 7) writeCharOnLCD1602(1, i+5, line_2[i+5]);
  14   2              delayOneMillisecond(delay_ms);
  15   2          }
  16   1          delayOneSecond(1);
  17   1          // 整体向左移动直至消失
  18   1          for (i = 0; i < 16; i++) {
  19   2              // 将所有文字向左移动一格，最后一格改为空格
  20   2              for (j = 0; j < 16; j++) {
  21   3                  line_1[j] = line_1[j+1];
  22   3                  line_2[j] = line_2[j+1];
  23   3              }
  24   2              line_1[15] = ' ';
  25   2              line_2[15] = ' ';
  26   2              // 将移动后的文字写入 LCD1602
  27   2              putStringOnLCD1602(0, 0, line_1);
  28   2              putStringOnLCD1602(1, 0, line_2);
  29   2              delayOneMillisecond(delay_ms/2);
  30   2          }
  31   1      }


MODULE INFORMATION:   STATIC OVERLAYABLE
   CODE SIZE        =    245    ----
   CONSTANT SIZE    =     34    ----
   XDATA SIZE       =   ----      34
   PDATA SIZE       =   ----    ----
   DATA SIZE        =   ----       4
   IDATA SIZE       =   ----    ----
   BIT SIZE         =   ----    ----
END OF MODULE INFORMATION.


C51 COMPILATION COMPLETE.  0 WARNING(S),  0 ERROR(S)
