C51 COMPILER V9.01   IIC                                                                   12/06/2023 12:06:34 PAGE 1   


C51 COMPILER V9.01, COMPILATION OF MODULE IIC
OBJECT MODULE PLACED IN .\IIC.obj
COMPILER INVOKED BY: D:\Program Files\Keil\C51\BIN\C51.EXE ..\eide\src\utils\IIC.c BROWSE DEBUG OBJECTEXTEND PRINT(.\IIC
                    -.lst) OBJECT(.\IIC.obj)

line level    source

   1          #include "IIC.h"
   2          
   3          // 起始信号，SCL时钟信号在高电平期间SDA信号产生一个下降沿
   4          void startIIC(void) {
   5   1              SDA = 1;
   6   1              I2c_Delay;
   7   1              SCL = 1;
   8   1              I2c_Delay;      //建立时间是SDA保持时间>4.7us
   9   1              SDA = 0;
  10   1              I2c_Delay;      //保持时间是>4us
  11   1              SCL = 0;                        
  12   1              I2c_Delay;              
  13   1      }
  14          
  15          // 终止信号，SCL时钟信号在高电平期间SDA信号产生一个上升沿，IIC的停止函数
  16          void stopIIC(void) {
  17   1              SDA = 0;
  18   1              I2c_Delay;
  19   1              SCL = 1;
  20   1              I2c_Delay;      //建立时间大于4.7us
  21   1              SDA = 1;
  22   1              I2c_Delay;              
  23   1      }
  24          
  25          // 通过I2C发送一个字节。在SCL时钟信号高电平期间，保持发送信号SDA保持稳定
  26          // 发送完一个字节SCL=0, SDA=1
  27          // 返回值为0或1。发送成功返回1，发送失败返回0
  28          unsigned char sendByteToIIC(unsigned char dat) {
  29   1              unsigned char a=0, b=0; //最大255，一个机器周期为1us，最大延时255us
  30   1      
  31   1              for(a = 0;a < 8;a ++) { //要发送8位，从最高位开始
  32   2                      SDA = dat >> 7; //起始信号之后SCL=0，所以可以直接改变SDA信号
  33   2                      dat = dat << 1;
  34   2                      I2c_Delay;
  35   2                      SCL = 1;
  36   2                      I2c_Delay;      //建立时间>4.7us
  37   2                      SCL = 0;
  38   2                      I2c_Delay;      //时间大于4us           
  39   2              }
  40   1              
  41   1              SDA = 1;
  42   1              I2c_Delay;
  43   1              SCL = 1;
  44   1              
  45   1              while(SDA) {    //等待应答，也就是等待从设备把SDA拉低
  46   2                      b ++;
  47   2                      if(b > 200) {   //如果超过2000us没有应答发送失败，或者为非应答，表示接收结束
  48   3                              SCL = 0;
  49   3                              I2c_Delay;
  50   3                              return 0;
  51   3                      }
  52   2              }
  53   1              
  54   1              SCL = 0;
C51 COMPILER V9.01   IIC                                                                   12/06/2023 12:06:34 PAGE 2   

  55   1              I2c_Delay;
  56   1              return 1;               
  57   1      }
  58          
  59          // 读取一个字节，从最高位开始，读完一个字节之后SCL=0，SDA=1
  60          // 返回值为读取到的字节
  61          unsigned char readByteFromIIC(void) {
  62   1              unsigned char a, dat=0;
  63   1              
  64   1              SDA = 1;        //起始和发送一个字节之后SCL都是0
  65   1              I2c_Delay;
  66   1              
  67   1              for(a = 0;a < 8;a ++) { //接收8个字节
  68   2                      SCL = 1;
  69   2                      I2c_Delay;
  70   2                      dat <<= 1;
  71   2                      dat |= SDA;
  72   2                      I2c_Delay;
  73   2                      SCL = 0;
  74   2                      I2c_Delay;
  75   2              }
  76   1              
  77   1              return dat;             
  78   1      }


MODULE INFORMATION:   STATIC OVERLAYABLE
   CODE SIZE        =     90    ----
   CONSTANT SIZE    =   ----    ----
   XDATA SIZE       =   ----    ----
   PDATA SIZE       =   ----    ----
   DATA SIZE        =   ----    ----
   IDATA SIZE       =   ----    ----
   BIT SIZE         =   ----    ----
END OF MODULE INFORMATION.


C51 COMPILATION COMPLETE.  0 WARNING(S),  0 ERROR(S)
