C51 COMPILER V9.01   STARTUPSCREEN                                                         12/06/2023 12:06:33 PAGE 1   


C51 COMPILER V9.01, COMPILATION OF MODULE STARTUPSCREEN
OBJECT MODULE PLACED IN .\startupScreen.obj
COMPILER INVOKED BY: D:\Program Files\Keil\C51\BIN\C51.EXE ..\eide\src\screens\startupScreen.c BROWSE DEBUG OBJECTEXTEND
                    - PRINT(.\startupScreen.lst) OBJECT(.\startupScreen.obj)

line level    source

   1          #include "startupScreen.h"
   2          
   3          // 开机画面
   4          void startupScreen() {
   5   1          unsigned char i=0, j=0;
   6   1          unsigned int delay_ms=50;  // 动态显示的延时，单位为毫秒
   7   1          xdata unsigned char line_1[] = "Welcome to AAUCS";
   8   1          xdata unsigned char line_2[] = "     No. 31     ";
   9   1          // 动态逐个显示两行字符
  10   1          for (i = 0; i < 16; i++) {
  11   2              writeCharOnLCD1602(0, i, line_1[i]);
  12   2              if (i < 7) writeCharOnLCD1602(1, i+5, line_2[i+5]);
  13   2              delayOneMillisecond(delay_ms);
  14   2          }
  15   1          delayOneSecond(1);
  16   1          // 整体向左移动直至消失
  17   1          for (i = 0; i < 16; i++) {
  18   2              // 将所有文字向左移动一格，最后一格改为空格
  19   2              for (j = 0; j < 16; j++) {
  20   3                  line_1[j] = line_1[j+1];
  21   3                  line_2[j] = line_2[j+1];
  22   3              }
  23   2              line_1[15] = ' ';
  24   2              line_2[15] = ' ';
  25   2              // 将移动后的文字写入 LCD1602
  26   2              putStringOnLCD1602(0, 0, line_1);
  27   2              putStringOnLCD1602(1, 0, line_2);
  28   2              delayOneMillisecond(delay_ms/2);
  29   2          }
  30   1      }


MODULE INFORMATION:   STATIC OVERLAYABLE
   CODE SIZE        =    245    ----
   CONSTANT SIZE    =     34    ----
   XDATA SIZE       =   ----      34
   PDATA SIZE       =   ----    ----
   DATA SIZE        =   ----       4
   IDATA SIZE       =   ----    ----
   BIT SIZE         =   ----    ----
END OF MODULE INFORMATION.


C51 COMPILATION COMPLETE.  0 WARNING(S),  0 ERROR(S)
